// Jest Snapshot v1, https://goo.gl/fbAQLP

exports[`Pruebas en <GifItem /> debe hacer match con el snapshot 1`] = `
<div>
  <div
    class="card"
  >
    <img
      alt="imagen abstracta"
      src="https://imagenes.com/imagen.jpg"
    />
    <p>
      imagen abstracta
    </p>
  </div>
</div>
`;
